// Jest Snapshot v1, https://goo.gl/fbAQLP

exports[`Timeline should render correctly without props 1`] = `
<div
  className="vertical-timeline vertical-timeline--animate vertical-timeline--two-columns"
/>
`;
